/home/jeff/src/prj/crossreads/tools/ISicily
Pulling latest changes from the repository...
WARN: Annotation character "punctuation" and linked TEI sign "p" don't match "(sicily-classics-ox-ac-uk-inscription-isic000090-isic000090_tiled-tif.json:https://sicily.classics.ox.ac.uk/annotations/b32ad9f2-1bc4-4fda-8c02-3b36dc81030b -> /home/jeff/src/prj/crossreads/tools/ISicily/inscriptions/ISic000090.xml)"
WARN: Annotation character "P" and linked TEI sign "·" don't match "(sicily-classics-ox-ac-uk-inscription-isic000090-isic000090_tiled-tif.json:https://sicily.classics.ox.ac.uk/annotations/f355bcf4-32c0-478c-b886-dd5d842809d2 -> /home/jeff/src/prj/crossreads/tools/ISicily/inscriptions/ISic000090.xml)"
WARN: Sign not found in TEI. Path: "//tei:body/tei:div[@type='edition'][not(@subtype) or @subtype='primary']//*[name()!='l'][name()!='lg'][name()!='lb'][name()!='cb'][name()!='milestone'][not(@type='textpart')][@n='10']"; Ref: "(sicily-classics-ox-ac-uk-inscription-isic000091-isic000091_tiled-tif.json:https://sicily.classics.ox.ac.uk/annotations/2dec9c57-7649-4364-8f6d-a9221f71eb1e -> /home/jeff/src/prj/crossreads/tools/ISicily/inscriptions/ISic000091.xml)"
WARN: Sign not found in TEI. Path: "//tei:body/tei:div[@type='edition'][not(@subtype) or @subtype='primary']//*[name()!='l'][name()!='lg'][name()!='lb'][name()!='cb'][name()!='milestone'][not(@type='textpart')][@n='40']"; Ref: "(sicily-classics-ox-ac-uk-inscription-isic000091-isic000091_tiled-tif.json:https://sicily.classics.ox.ac.uk/annotations/94936b47-8803-4c5a-9631-32cd7fe1ef02 -> /home/jeff/src/prj/crossreads/tools/ISicily/inscriptions/ISic000091.xml)"
WARN: Sign not found in TEI. Path: "//tei:body/tei:div[@type='edition'][not(@subtype) or @subtype='primary']//*[name()!='l'][name()!='lg'][name()!='lb'][name()!='cb'][name()!='milestone'][not(@type='textpart')][@n='10']"; Ref: "(sicily-classics-ox-ac-uk-inscription-isic000091-isic000091_tiled-tif.json:https://sicily.classics.ox.ac.uk/annotations/f3f34ae1-9cf9-4c2e-9868-18ea855881a3 -> /home/jeff/src/prj/crossreads/tools/ISicily/inscriptions/ISic000091.xml)"
WARN: Sign not found in TEI. Path: "//tei:body/tei:div[@type='edition'][not(@subtype) or @subtype='primary']//*[name()!='l'][name()!='lg'][name()!='lb'][name()!='cb'][name()!='milestone'][not(@type='textpart')][@n='30']"; Ref: "(sicily-classics-ox-ac-uk-inscription-isic000104-isic000104_tiled-tif.json:https://sicily.classics.ox.ac.uk/annotations/0e803fd8-ca67-4546-9e94-ae2fdc9afe55 -> /home/jeff/src/prj/crossreads/tools/ISicily/inscriptions/ISic000104.xml)"
WARN: Sign not found in TEI. Path: "//*[name()!='l'][name()!='lg'][name()!='lb'][name()!='cb'][name()!='milestone'][not(@type='textpart')][@n='30']"; Ref: "(sicily-classics-ox-ac-uk-inscription-isic000104-isic000104_tiled-tif.json:https://sicily.classics.ox.ac.uk/annotations/5d817637-3820-4f52-af74-02145e3a8e26 -> /home/jeff/src/prj/crossreads/tools/ISicily/inscriptions/ISic000104.xml)"
WARN: Annotated sign has no ancestor with @n "(sicily-classics-ox-ac-uk-inscription-isic003375-isic003375_tiled-tif.json:https://sicily.classics.ox.ac.uk/annotations/02b305a1-2663-4cb9-8dc8-164449c5bc8d -> /home/jeff/src/prj/crossreads/tools/ISicily/inscriptions/ISic003375.xml)"
WARN: Sign not found in TEI. Path: "//*[name()!='l'][name()!='lg'][name()!='lb'][name()!='cb'][name()!='milestone'][not(@type='textpart')][@n='10']"; Ref: "(sicily-classics-ox-ac-uk-inscription-isic003375-isic003375_tiled-tif.json:https://sicily.classics.ox.ac.uk/annotations/e15d7c2a-9976-47ea-88de-386ab4f1bd6f -> /home/jeff/src/prj/crossreads/tools/ISicily/inscriptions/ISic003375.xml)"
WARN: Annotated sign has no ancestor with @n "(sicily-classics-ox-ac-uk-inscription-isic003375-isic003375_tiled-tif.json:https://sicily.classics.ox.ac.uk/annotations/f156443c-3d49-40ce-80ee-b7988cf8e113 -> /home/jeff/src/prj/crossreads/tools/ISicily/inscriptions/ISic003375.xml)"
WARN: no token with @n in the edition "/home/jeff/src/prj/crossreads/tools/ISicily/inscriptions/ISic003644.xml"
WARN: Annotation character "Μ" and linked TEI sign "M" don't match "(sicily-classics-ox-ac-uk-inscription-isic003686-isic003686_tiled-tif.json:https://sicily.classics.ox.ac.uk/annotations/173f9eb0-8ff6-4e3b-8b37-07c017a00481 -> /home/jeff/src/prj/crossreads/tools/ISicily/inscriptions/ISic003686.xml)"
Warnings summary:
  3 x Annotation character "X" and linked TEI sign "X" don't match "X" 
  6 x Sign not found in TEI. Path: "X"; Ref: "X" 
  2 x Annotated sign has no ancestor with @n "X" 
  1 x no token with @n in the edition "X" 
267 TEI files use the new token id system (@n); 268 files in total.
